INFO:     Started server process [13172]
INFO:     Waiting for application startup.
ERROR:    Traceback (most recent call last):
  File "C:\Users\LENOVO\Desktop\fyp project\nora-medlink\backend\.testdeps\sqlalchemy\engine\base.py", line 146, in __init__
    self._dbapi_connection = engine.raw_connection()
                             ^^^^^^^^^^^^^^^^^^^^^^^
  File "C:\Users\LENOVO\Desktop\fyp project\nora-medlink\backend\.testdeps\sqlalchemy\engine\base.py", line 3302, in raw_connection
    return self.pool.connect()
           ^^^^^^^^^^^^^^^^^^^
  File "C:\Users\LENOVO\Desktop\fyp project\nora-medlink\backend\.testdeps\sqlalchemy\pool\base.py", line 449, in connect
    return _ConnectionFairy._checkout(self)
           ^^^^^^^^^^^^^^^^^^^^^^^^^^^^^^^^
  File "C:\Users\LENOVO\Desktop\fyp project\nora-medlink\backend\.testdeps\sqlalchemy\pool\base.py", line 1263, in _checkout
    fairy = _ConnectionRecord.checkout(pool)
            ^^^^^^^^^^^^^^^^^^^^^^^^^^^^^^^^
  File "C:\Users\LENOVO\Desktop\fyp project\nora-medlink\backend\.testdeps\sqlalchemy\pool\base.py", line 712, in checkout
    rec = pool._do_get()
          ^^^^^^^^^^^^^^
  File "C:\Users\LENOVO\Desktop\fyp project\nora-medlink\backend\.testdeps\sqlalchemy\pool\impl.py", line 179, in _do_get
    with util.safe_reraise():
  File "C:\Users\LENOVO\Desktop\fyp project\nora-medlink\backend\.testdeps\sqlalchemy\util\langhelpers.py", line 146, in __exit__
    raise exc_value.with_traceback(exc_tb)
  File "C:\Users\LENOVO\Desktop\fyp project\nora-medlink\backend\.testdeps\sqlalchemy\pool\impl.py", line 177, in _do_get
    return self._create_connection()
           ^^^^^^^^^^^^^^^^^^^^^^^^^
  File "C:\Users\LENOVO\Desktop\fyp project\nora-medlink\backend\.testdeps\sqlalchemy\pool\base.py", line 390, in _create_connection
    return _ConnectionRecord(self)
           ^^^^^^^^^^^^^^^^^^^^^^^
  File "C:\Users\LENOVO\Desktop\fyp project\nora-medlink\backend\.testdeps\sqlalchemy\pool\base.py", line 674, in __init__
    self.__connect()
  File "C:\Users\LENOVO\Desktop\fyp project\nora-medlink\backend\.testdeps\sqlalchemy\pool\base.py", line 900, in __connect
    with util.safe_reraise():
  File "C:\Users\LENOVO\Desktop\fyp project\nora-medlink\backend\.testdeps\sqlalchemy\util\langhelpers.py", line 146, in __exit__
    raise exc_value.with_traceback(exc_tb)
  File "C:\Users\LENOVO\Desktop\fyp project\nora-medlink\backend\.testdeps\sqlalchemy\pool\base.py", line 896, in __connect
    self.dbapi_connection = connection = pool._invoke_creator(self)
                                         ^^^^^^^^^^^^^^^^^^^^^^^^^^
  File "C:\Users\LENOVO\Desktop\fyp project\nora-medlink\backend\.testdeps\sqlalchemy\engine\create.py", line 643, in connect
    return dialect.connect(*cargs, **cparams)
           ^^^^^^^^^^^^^^^^^^^^^^^^^^^^^^^^^^
  File "C:\Users\LENOVO\Desktop\fyp project\nora-medlink\backend\.testdeps\sqlalchemy\engine\default.py", line 621, in connect
    return self.loaded_dbapi.connect(*cargs, **cparams)
           ^^^^^^^^^^^^^^^^^^^^^^^^^^^^^^^^^^^^^^^^^^^^
  File "C:\Users\LENOVO\Desktop\fyp project\nora-medlink\backend\.testdeps\psycopg2\__init__.py", line 122, in connect
    conn = _connect(dsn, connection_factory=connection_factory, **kwasync)
           ^^^^^^^^^^^^^^^^^^^^^^^^^^^^^^^^^^^^^^^^^^^^^^^^^^^^^^^^^^^^^^^
psycopg2.OperationalError: connection to server at "localhost" (::1), port 5432 failed: Connection refused (0x0000274D/10061)
	Is the server running on that host and accepting TCP/IP connections?
connection to server at "localhost" (127.0.0.1), port 5432 failed: Connection refused (0x0000274D/10061)
	Is the server running on that host and accepting TCP/IP connections?


The above exception was the direct cause of the following exception:

Traceback (most recent call last):
  File "C:\Users\LENOVO\Desktop\fyp project\nora-medlink\backend\.testdeps\starlette\routing.py", line 693, in lifespan
    async with self.lifespan_context(app) as maybe_state:
  File "C:\Users\LENOVO\AppData\Local\Programs\Python\Python311\Lib\contextlib.py", line 204, in __aenter__
    return await anext(self.gen)
           ^^^^^^^^^^^^^^^^^^^^^
  File "C:\Users\LENOVO\Desktop\fyp project\nora-medlink\backend\.testdeps\fastapi\routing.py", line 133, in merged_lifespan
    async with original_context(app) as maybe_original_state:
  File "C:\Users\LENOVO\AppData\Local\Programs\Python\Python311\Lib\contextlib.py", line 204, in __aenter__
    return await anext(self.gen)
           ^^^^^^^^^^^^^^^^^^^^^
  File "C:\Users\LENOVO\Desktop\fyp project\nora-medlink\backend\.testdeps\fastapi\routing.py", line 133, in merged_lifespan
    async with original_context(app) as maybe_original_state:
  File "C:\Users\LENOVO\AppData\Local\Programs\Python\Python311\Lib\contextlib.py", line 204, in __aenter__
    return await anext(self.gen)
           ^^^^^^^^^^^^^^^^^^^^^
  File "C:\Users\LENOVO\Desktop\fyp project\nora-medlink\backend\.testdeps\fastapi\routing.py", line 133, in merged_lifespan
    async with original_context(app) as maybe_original_state:
  File "C:\Users\LENOVO\AppData\Local\Programs\Python\Python311\Lib\contextlib.py", line 204, in __aenter__
    return await anext(self.gen)
           ^^^^^^^^^^^^^^^^^^^^^
  File "C:\Users\LENOVO\Desktop\fyp project\nora-medlink\backend\.testdeps\fastapi\routing.py", line 133, in merged_lifespan
    async with original_context(app) as maybe_original_state:
  File "C:\Users\LENOVO\AppData\Local\Programs\Python\Python311\Lib\contextlib.py", line 204, in __aenter__
    return await anext(self.gen)
           ^^^^^^^^^^^^^^^^^^^^^
  File "C:\Users\LENOVO\Desktop\fyp project\nora-medlink\backend\.testdeps\fastapi\routing.py", line 133, in merged_lifespan
    async with original_context(app) as maybe_original_state:
  File "C:\Users\LENOVO\AppData\Local\Programs\Python\Python311\Lib\contextlib.py", line 204, in __aenter__
    return await anext(self.gen)
           ^^^^^^^^^^^^^^^^^^^^^
  File "C:\Users\LENOVO\Desktop\fyp project\nora-medlink\backend\.testdeps\fastapi\routing.py", line 133, in merged_lifespan
    async with original_context(app) as maybe_original_state:
  File "C:\Users\LENOVO\AppData\Local\Programs\Python\Python311\Lib\contextlib.py", line 204, in __aenter__
    return await anext(self.gen)
           ^^^^^^^^^^^^^^^^^^^^^
  File "C:\Users\LENOVO\Desktop\fyp project\nora-medlink\backend\.testdeps\fastapi\routing.py", line 133, in merged_lifespan
    async with original_context(app) as maybe_original_state:
  File "C:\Users\LENOVO\AppData\Local\Programs\Python\Python311\Lib\contextlib.py", line 204, in __aenter__
    return await anext(self.gen)
           ^^^^^^^^^^^^^^^^^^^^^
  File "C:\Users\LENOVO\Desktop\fyp project\nora-medlink\backend\.testdeps\fastapi\routing.py", line 133, in merged_lifespan
    async with original_context(app) as maybe_original_state:
  File "C:\Users\LENOVO\AppData\Local\Programs\Python\Python311\Lib\contextlib.py", line 204, in __aenter__
    return await anext(self.gen)
           ^^^^^^^^^^^^^^^^^^^^^
  File "C:\Users\LENOVO\Desktop\fyp project\nora-medlink\backend\.testdeps\fastapi\routing.py", line 133, in merged_lifespan
    async with original_context(app) as maybe_original_state:
  File "C:\Users\LENOVO\AppData\Local\Programs\Python\Python311\Lib\contextlib.py", line 204, in __aenter__
    return await anext(self.gen)
           ^^^^^^^^^^^^^^^^^^^^^
  File "C:\Users\LENOVO\Desktop\fyp project\nora-medlink\backend\.testdeps\fastapi\routing.py", line 133, in merged_lifespan
    async with original_context(app) as maybe_original_state:
  File "C:\Users\LENOVO\AppData\Local\Programs\Python\Python311\Lib\contextlib.py", line 204, in __aenter__
    return await anext(self.gen)
           ^^^^^^^^^^^^^^^^^^^^^
  File "C:\Users\LENOVO\Desktop\fyp project\nora-medlink\backend\main.py", line 23, in lifespan
    Base.metadata.create_all(bind=engine)
  File "C:\Users\LENOVO\Desktop\fyp project\nora-medlink\backend\.testdeps\sqlalchemy\sql\schema.py", line 5868, in create_all
    bind._run_ddl_visitor(
  File "C:\Users\LENOVO\Desktop\fyp project\nora-medlink\backend\.testdeps\sqlalchemy\engine\base.py", line 3252, in _run_ddl_visitor
    with self.begin() as conn:
  File "C:\Users\LENOVO\AppData\Local\Programs\Python\Python311\Lib\contextlib.py", line 137, in __enter__
    return next(self.gen)
           ^^^^^^^^^^^^^^
  File "C:\Users\LENOVO\Desktop\fyp project\nora-medlink\backend\.testdeps\sqlalchemy\engine\base.py", line 3242, in begin
    with self.connect() as conn:
         ^^^^^^^^^^^^^^
  File "C:\Users\LENOVO\Desktop\fyp project\nora-medlink\backend\.testdeps\sqlalchemy\engine\base.py", line 3278, in connect
    return self._connection_cls(self)
           ^^^^^^^^^^^^^^^^^^^^^^^^^^
  File "C:\Users\LENOVO\Desktop\fyp project\nora-medlink\backend\.testdeps\sqlalchemy\engine\base.py", line 148, in __init__
    Connection._handle_dbapi_exception_noconnection(
  File "C:\Users\LENOVO\Desktop\fyp project\nora-medlink\backend\.testdeps\sqlalchemy\engine\base.py", line 2442, in _handle_dbapi_exception_noconnection
    raise sqlalchemy_exception.with_traceback(exc_info[2]) from e
  File "C:\Users\LENOVO\Desktop\fyp project\nora-medlink\backend\.testdeps\sqlalchemy\engine\base.py", line 146, in __init__
    self._dbapi_connection = engine.raw_connection()
                             ^^^^^^^^^^^^^^^^^^^^^^^
  File "C:\Users\LENOVO\Desktop\fyp project\nora-medlink\backend\.testdeps\sqlalchemy\engine\base.py", line 3302, in raw_connection
    return self.pool.connect()
           ^^^^^^^^^^^^^^^^^^^
  File "C:\Users\LENOVO\Desktop\fyp project\nora-medlink\backend\.testdeps\sqlalchemy\pool\base.py", line 449, in connect
    return _ConnectionFairy._checkout(self)
           ^^^^^^^^^^^^^^^^^^^^^^^^^^^^^^^^
  File "C:\Users\LENOVO\Desktop\fyp project\nora-medlink\backend\.testdeps\sqlalchemy\pool\base.py", line 1263, in _checkout
    fairy = _ConnectionRecord.checkout(pool)
            ^^^^^^^^^^^^^^^^^^^^^^^^^^^^^^^^
  File "C:\Users\LENOVO\Desktop\fyp project\nora-medlink\backend\.testdeps\sqlalchemy\pool\base.py", line 712, in checkout
    rec = pool._do_get()
          ^^^^^^^^^^^^^^
  File "C:\Users\LENOVO\Desktop\fyp project\nora-medlink\backend\.testdeps\sqlalchemy\pool\impl.py", line 179, in _do_get
    with util.safe_reraise():
  File "C:\Users\LENOVO\Desktop\fyp project\nora-medlink\backend\.testdeps\sqlalchemy\util\langhelpers.py", line 146, in __exit__
    raise exc_value.with_traceback(exc_tb)
  File "C:\Users\LENOVO\Desktop\fyp project\nora-medlink\backend\.testdeps\sqlalchemy\pool\impl.py", line 177, in _do_get
    return self._create_connection()
           ^^^^^^^^^^^^^^^^^^^^^^^^^
  File "C:\Users\LENOVO\Desktop\fyp project\nora-medlink\backend\.testdeps\sqlalchemy\pool\base.py", line 390, in _create_connection
    return _ConnectionRecord(self)
           ^^^^^^^^^^^^^^^^^^^^^^^
  File "C:\Users\LENOVO\Desktop\fyp project\nora-medlink\backend\.testdeps\sqlalchemy\pool\base.py", line 674, in __init__
    self.__connect()
  File "C:\Users\LENOVO\Desktop\fyp project\nora-medlink\backend\.testdeps\sqlalchemy\pool\base.py", line 900, in __connect
    with util.safe_reraise():
  File "C:\Users\LENOVO\Desktop\fyp project\nora-medlink\backend\.testdeps\sqlalchemy\util\langhelpers.py", line 146, in __exit__
    raise exc_value.with_traceback(exc_tb)
  File "C:\Users\LENOVO\Desktop\fyp project\nora-medlink\backend\.testdeps\sqlalchemy\pool\base.py", line 896, in __connect
    self.dbapi_connection = connection = pool._invoke_creator(self)
                                         ^^^^^^^^^^^^^^^^^^^^^^^^^^
  File "C:\Users\LENOVO\Desktop\fyp project\nora-medlink\backend\.testdeps\sqlalchemy\engine\create.py", line 643, in connect
    return dialect.connect(*cargs, **cparams)
           ^^^^^^^^^^^^^^^^^^^^^^^^^^^^^^^^^^
  File "C:\Users\LENOVO\Desktop\fyp project\nora-medlink\backend\.testdeps\sqlalchemy\engine\default.py", line 621, in connect
    return self.loaded_dbapi.connect(*cargs, **cparams)
           ^^^^^^^^^^^^^^^^^^^^^^^^^^^^^^^^^^^^^^^^^^^^
  File "C:\Users\LENOVO\Desktop\fyp project\nora-medlink\backend\.testdeps\psycopg2\__init__.py", line 122, in connect
    conn = _connect(dsn, connection_factory=connection_factory, **kwasync)
           ^^^^^^^^^^^^^^^^^^^^^^^^^^^^^^^^^^^^^^^^^^^^^^^^^^^^^^^^^^^^^^^
sqlalchemy.exc.OperationalError: (psycopg2.OperationalError) connection to server at "localhost" (::1), port 5432 failed: Connection refused (0x0000274D/10061)
	Is the server running on that host and accepting TCP/IP connections?
connection to server at "localhost" (127.0.0.1), port 5432 failed: Connection refused (0x0000274D/10061)
	Is the server running on that host and accepting TCP/IP connections?

(Background on this error at: https://sqlalche.me/e/20/e3q8)

ERROR:    Application startup failed. Exiting.
